+ ANDROID_HOME=/usr/local/lib/android/sdk
+ ANDROID_SDK_ROOT=/usr/local/lib/android/sdk
+ echo 'Initial ANDROID_HOME=/usr/local/lib/android/sdk'
Initial ANDROID_HOME=/usr/local/lib/android/sdk
+ echo 'Initial ANDROID_SDK_ROOT=/usr/local/lib/android/sdk'
Initial ANDROID_SDK_ROOT=/usr/local/lib/android/sdk
+ ls -la /usr/local/lib/android/sdk
total 72
drwxrwxrwx 11 root root  4096 Sep  7 21:56 .
drwxr-xr-x  3 root root  4096 Sep  7 21:53 ..
-rw-r--r--  1 root root    16 Sep  7 21:56 .knownPackages
drwxrwxrwx  2 root root  4096 Sep  7 21:56 .temp
drwxrwxrwx  8 root root  4096 Sep  7 21:54 build-tools
drwxrwxrwx  5 root root  4096 Sep  7 21:56 cmake
drwxrwxrwx  3 root root  4096 Sep  7 21:53 cmdline-tools
drwxrwxrwx  4 root root  4096 Sep  7 21:56 extras
drwxrwxrwx  2 root root  4096 Sep  7 21:54 licenses
drwxrwxrwx  5 root root  4096 Sep  7 21:56 ndk
-rw-r--r--  1 root root 21373 Sep  7 21:56 packages-list.txt
drwxrwxrwx  3 root root  4096 Sep  7 21:54 platform-tools
drwxrwxrwx 20 root root  4096 Sep  7 21:55 platforms
+ find /usr/local/lib/android/sdk -maxdepth 4 -type f -name sdkmanager -print
/usr/local/lib/android/sdk/cmdline-tools/latest/bin/sdkmanager
+ SDKMANAGER=
+ '[' -d /usr/local/lib/android/sdk ']'
++ find /usr/local/lib/android/sdk -path '*/cmdline-tools/*/bin/sdkmanager' -type f
++ sort -V
++ tail -n 1
+ SDKMANAGER=/usr/local/lib/android/sdk/cmdline-tools/latest/bin/sdkmanager
+ '[' -z /usr/local/lib/android/sdk/cmdline-tools/latest/bin/sdkmanager ']'
+ '[' '!' -x /usr/local/lib/android/sdk/cmdline-tools/latest/bin/sdkmanager ']'
+ test -x /usr/local/lib/android/sdk/cmdline-tools/latest/bin/sdkmanager
+ echo ANDROID_HOME=/usr/local/lib/android/sdk
+ echo ANDROID_SDK_ROOT=/usr/local/lib/android/sdk
+ echo 'Using sdkmanager: /usr/local/lib/android/sdk/cmdline-tools/latest/bin/sdkmanager'
Using sdkmanager: /usr/local/lib/android/sdk/cmdline-tools/latest/bin/sdkmanager
+ yes
+ /usr/local/lib/android/sdk/cmdline-tools/latest/bin/sdkmanager --licenses
yes: standard output: Broken pipe
