+ pwd
/home/runner/work/QAHarness/QAHarness/QAHarness
+ ls -la
total 40
drwxr-xr-x 3 runner runner 4096 Sep 11 09:49 .
drwxr-xr-x 6 runner runner 4096 Sep 11 09:47 ..
-rw-r--r-- 1 runner runner 1385 Sep 11 09:47 README.md
drwxr-xr-x 3 runner runner 4096 Sep 11 09:49 app
-rw-r--r-- 1 runner runner  407 Sep 11 09:47 build.gradle
-rw-r--r-- 1 runner runner 2078 Sep 11 09:47 build_apk.bat
-rw-r--r-- 1 runner runner 1647 Sep 11 09:47 build_apk.sh
-rw-r--r-- 1 runner runner  240 Sep 11 09:49 gradle.properties
-rw-r--r-- 1 runner runner   35 Sep 11 09:49 local.properties
-rw-r--r-- 1 runner runner  460 Sep 11 09:47 settings.gradle
+ gradle --version

Welcome to Gradle 8.7!

Here are the highlights of this release:
 - Compiling and testing with Java 22
 - Cacheable Groovy script compilation
 - New methods in lazy collection properties

For more details see https://docs.gradle.org/8.7/release-notes.html


------------------------------------------------------------
Gradle 8.7
------------------------------------------------------------

Build time:   2024-03-22 15:52:46 UTC
Revision:     650af14d7653aa949fce5e886e685efc9cf97c10

Kotlin:       1.9.22
Groovy:       3.0.17
Ant:          Apache Ant(TM) version 1.10.13 compiled on January 4 2023
JVM:          17.0.20.1 (Eclipse Adoptium 17.0.20.1+1)
OS:           Linux 6.8.0-1064-azure amd64

+ '[' '!' -x ./gradlew ']'
+ gradle wrapper --gradle-version 8.7 --stacktrace --no-daemon
To honour the JVM settings for this build a single-use Daemon process will be forked. For more on this, please refer to https://docs.gradle.org/8.7/userguide/gradle_daemon.html#sec:disabling_the_daemon in the Gradle documentation.
Daemon will be stopped at the end of the build 

> Configure project :
Build was configured to prefer settings repositories over project repositories but repository 'Google' was added by build file 'build.gradle'
Build was configured to prefer settings repositories over project repositories but repository 'MavenRepo' was added by build file 'build.gradle'
Build was configured to prefer settings repositories over project repositories but repository 'Google' was added by build file 'build.gradle'
Build was configured to prefer settings repositories over project repositories but repository 'MavenRepo' was added by build file 'build.gradle'
Build was configured to prefer settings repositories over project repositories but repository 'Google' was added by build file 'build.gradle'
Build was configured to prefer settings repositories over project repositories but repository 'MavenRepo' was added by build file 'build.gradle'

> Configure project :opencv
OpenCV: 4.9.0 /home/runner/work/_temp/OpenCV-android-sdk/sdk/build.gradle
Checking the license for package NDK (Side by side) 26.1.10909125 in /usr/local/lib/android/sdk/licenses
License for package NDK (Side by side) 26.1.10909125 accepted.
Preparing "Install NDK (Side by side) 26.1.10909125 v.26.1.10909125".
"Install NDK (Side by side) 26.1.10909125 v.26.1.10909125" ready.
Installing NDK (Side by side) 26.1.10909125 in /usr/local/lib/android/sdk/ndk/26.1.10909125
"Install NDK (Side by side) 26.1.10909125 v.26.1.10909125" complete.
"Install NDK (Side by side) 26.1.10909125 v.26.1.10909125" finished.

> Task :wrapper

BUILD SUCCESSFUL in 54s
1 actionable task: 1 executed
+ chmod +x ./gradlew
+ ./gradlew --version --no-daemon
Downloading https://services.gradle.org/distributions/gradle-8.7-bin.zip
............10%.............20%.............30%.............40%............50%.............60%.............70%.............80%.............90%............100%

------------------------------------------------------------
Gradle 8.7
------------------------------------------------------------

Build time:   2024-03-22 15:52:46 UTC
Revision:     650af14d7653aa949fce5e886e685efc9cf97c10

Kotlin:       1.9.22
Groovy:       3.0.17
Ant:          Apache Ant(TM) version 1.10.13 compiled on January 4 2023
JVM:          17.0.20.1 (Eclipse Adoptium 17.0.20.1+1)
OS:           Linux 6.8.0-1064-azure amd64

